call-site,read,0
call-site,read,1
call-site,read,2
call-site,read,3
call-site,write,4
tags,write,3
