digraph clam_prov_dependency_map{
"0" [label="function name:read\ncall site:0"];
"1" [label="function name:read\ncall site:1"];
"2" [label="function name:write\ncall site:2"];
"2" -> "1" [label="WasDependentOn"];
}
